[28-Apr-2026 00:16:15 Europe/Berlin] PHP Fatal error:  Uncaught PDOException: SQLSTATE[42S22]: Column not found: 1054 Unknown column 'id' in 'where clause' in C:\xampp\htdocs\Smart-Eval\app\Controllers\notification\NotificationController.php:239
Stack trace:
#0 C:\xampp\htdocs\Smart-Eval\app\Controllers\notification\NotificationController.php(239): PDO->prepare('UPDATE teacher_...')
#1 C:\xampp\htdocs\Smart-Eval\bin\cron_worker.php(13): NotificationController->processQueue()
#2 {main}
  thrown in C:\xampp\htdocs\Smart-Eval\app\Controllers\notification\NotificationController.php on line 239
[28-Apr-2026 00:18:06 Europe/Berlin] PHP Fatal error:  Uncaught PDOException: SQLSTATE[42S22]: Column not found: 1054 Unknown column 'id' in 'where clause' in C:\xampp\htdocs\Smart-Eval\app\Controllers\notification\NotificationController.php:239
Stack trace:
#0 C:\xampp\htdocs\Smart-Eval\app\Controllers\notification\NotificationController.php(239): PDO->prepare('UPDATE teacher_...')
#1 C:\xampp\htdocs\Smart-Eval\bin\cron_worker.php(13): NotificationController->processQueue()
#2 {main}
  thrown in C:\xampp\htdocs\Smart-Eval\app\Controllers\notification\NotificationController.php on line 239
[28-Apr-2026 00:18:42 Europe/Berlin] PHP Fatal error:  Uncaught PDOException: SQLSTATE[42S22]: Column not found: 1054 Unknown column 'id' in 'where clause' in C:\xampp\htdocs\Smart-Eval\app\Controllers\notification\NotificationController.php:239
Stack trace:
#0 C:\xampp\htdocs\Smart-Eval\app\Controllers\notification\NotificationController.php(239): PDO->prepare('UPDATE teacher_...')
#1 C:\xampp\htdocs\Smart-Eval\bin\cron_worker.php(13): NotificationController->processQueue()
#2 {main}
  thrown in C:\xampp\htdocs\Smart-Eval\app\Controllers\notification\NotificationController.php on line 239
[28-Apr-2026 00:20:52 Europe/Berlin] PHP Warning:  Undefined array key "id" in C:\xampp\htdocs\Smart-Eval\app\Controllers\notification\NotificationController.php on line 240
[28-Apr-2026 00:20:52 Europe/Berlin] PHP Fatal error:  Cannot redeclare ratingColor() (previously declared in C:\xampp\htdocs\Smart-Eval\views\reports\teacher_individual_report.php:12) in C:\xampp\htdocs\Smart-Eval\views\reports\teacher_individual_report.php on line 19
[28-Apr-2026 00:21:02 Europe/Berlin] PHP Warning:  Undefined array key "id" in C:\xampp\htdocs\Smart-Eval\app\Controllers\notification\NotificationController.php on line 240
[28-Apr-2026 00:21:02 Europe/Berlin] PHP Fatal error:  Cannot redeclare ratingColor() (previously declared in C:\xampp\htdocs\Smart-Eval\views\reports\teacher_individual_report.php:12) in C:\xampp\htdocs\Smart-Eval\views\reports\teacher_individual_report.php on line 19
[28-Apr-2026 00:26:15 Europe/Berlin] PHP Fatal error:  Cannot redeclare ratingColor() (previously declared in C:\xampp\htdocs\Smart-Eval\views\reports\teacher_individual_report.php:12) in C:\xampp\htdocs\Smart-Eval\views\reports\teacher_individual_report.php on line 19
[28-Apr-2026 00:31:06 Europe/Berlin] PHP Fatal error:  Uncaught PDOException: SQLSTATE[42S22]: Column not found: 1054 Unknown column 'sent_at' in 'field list' in C:\xampp\htdocs\Smart-Eval\app\Controllers\notification\NotificationController.php:232
Stack trace:
#0 C:\xampp\htdocs\Smart-Eval\app\Controllers\notification\NotificationController.php(232): PDO->prepare('UPDATE teacher_...')
#1 C:\xampp\htdocs\Smart-Eval\bin\cron_worker.php(14): NotificationController->processQueue()
#2 {main}
  thrown in C:\xampp\htdocs\Smart-Eval\app\Controllers\notification\NotificationController.php on line 232
[28-Apr-2026 00:36:07 Europe/Berlin] PHP Fatal error:  Uncaught PDOException: SQLSTATE[42S22]: Column not found: 1054 Unknown column 'sent_at' in 'field list' in C:\xampp\htdocs\Smart-Eval\app\Controllers\notification\NotificationController.php:232
Stack trace:
#0 C:\xampp\htdocs\Smart-Eval\app\Controllers\notification\NotificationController.php(232): PDO->prepare('UPDATE teacher_...')
#1 C:\xampp\htdocs\Smart-Eval\bin\cron_worker.php(14): NotificationController->processQueue()
#2 {main}
  thrown in C:\xampp\htdocs\Smart-Eval\app\Controllers\notification\NotificationController.php on line 232
[28-Apr-2026 00:41:08 Europe/Berlin] PHP Fatal error:  Uncaught PDOException: SQLSTATE[42S22]: Column not found: 1054 Unknown column 'sent_at' in 'field list' in C:\xampp\htdocs\Smart-Eval\app\Controllers\notification\NotificationController.php:233
Stack trace:
#0 C:\xampp\htdocs\Smart-Eval\app\Controllers\notification\NotificationController.php(233): PDO->prepare('UPDATE teacher_...')
#1 C:\xampp\htdocs\Smart-Eval\bin\cron_worker.php(14): NotificationController->processQueue()
#2 {main}
  thrown in C:\xampp\htdocs\Smart-Eval\app\Controllers\notification\NotificationController.php on line 233
[28-Apr-2026 00:46:08 Europe/Berlin] PHP Fatal error:  Uncaught PDOException: SQLSTATE[42S22]: Column not found: 1054 Unknown column 'sent_at' in 'field list' in C:\xampp\htdocs\Smart-Eval\app\Controllers\notification\NotificationController.php:233
Stack trace:
#0 C:\xampp\htdocs\Smart-Eval\app\Controllers\notification\NotificationController.php(233): PDO->prepare('UPDATE teacher_...')
#1 C:\xampp\htdocs\Smart-Eval\bin\cron_worker.php(14): NotificationController->processQueue()
#2 {main}
  thrown in C:\xampp\htdocs\Smart-Eval\app\Controllers\notification\NotificationController.php on line 233
[28-Apr-2026 00:51:08 Europe/Berlin] PHP Fatal error:  Uncaught PDOException: SQLSTATE[42S22]: Column not found: 1054 Unknown column 'sent_at' in 'field list' in C:\xampp\htdocs\Smart-Eval\app\Controllers\notification\NotificationController.php:233
Stack trace:
#0 C:\xampp\htdocs\Smart-Eval\app\Controllers\notification\NotificationController.php(233): PDO->prepare('UPDATE teacher_...')
#1 C:\xampp\htdocs\Smart-Eval\bin\cron_worker.php(14): NotificationController->processQueue()
#2 {main}
  thrown in C:\xampp\htdocs\Smart-Eval\app\Controllers\notification\NotificationController.php on line 233
[28-Apr-2026 00:56:08 Europe/Berlin] PHP Fatal error:  Cannot redeclare ratingColor() (previously declared in C:\xampp\htdocs\Smart-Eval\views\reports\teacher_individual_report.php:12) in C:\xampp\htdocs\Smart-Eval\views\reports\teacher_individual_report.php on line 19
[28-Apr-2026 01:01:01 Europe/Berlin] PHP Warning:  Undefined array key "teacher_id" in C:\xampp\htdocs\Smart-Eval\app\Controllers\notification\NotificationController.php on line 211
[28-Apr-2026 01:01:01 Europe/Berlin] PHP Warning:  Undefined array key "period_id" in C:\xampp\htdocs\Smart-Eval\app\Controllers\notification\NotificationController.php on line 218
[28-Apr-2026 01:01:01 Europe/Berlin] PHP Warning:  Undefined array key "teacher_id" in C:\xampp\htdocs\Smart-Eval\app\Controllers\notification\NotificationController.php on line 218
[28-Apr-2026 01:01:01 Europe/Berlin] [processQueue] Batch complete. Processed 1 task(s).
[28-Apr-2026 01:06:08 Europe/Berlin] [processQueue] Batch complete. Processed 1 task(s).
[28-Apr-2026 01:09:13 Europe/Berlin] PHP Fatal error:  Cannot redeclare ratingColor() (previously declared in C:\xampp\htdocs\Smart-Eval\views\reports\teacher_individual_report.php:12) in C:\xampp\htdocs\Smart-Eval\views\reports\teacher_individual_report.php on line 19
[28-Apr-2026 01:11:08 Europe/Berlin] [processQueue] Batch complete. Processed 1 task(s).
[28-Apr-2026 01:36:08 Europe/Berlin] PHP Fatal error:  Cannot redeclare ratingColor() (previously declared in C:\xampp\htdocs\Smart-Eval\views\reports\teacher_individual_report.php:12) in C:\xampp\htdocs\Smart-Eval\views\reports\teacher_individual_report.php on line 19
[28-Apr-2026 01:41:08 Europe/Berlin] [processQueue] Batch complete. Processed 1 task(s).
[28-Apr-2026 10:17:03 Europe/Berlin] PHP Fatal error:  Cannot redeclare ratingColor() (previously declared in C:\xampp\htdocs\Smart-Eval\views\reports\teacher_individual_report.php:12) in C:\xampp\htdocs\Smart-Eval\views\reports\teacher_individual_report.php on line 19
[28-Apr-2026 10:23:26 Europe/Berlin] [processQueue] Batch complete. Processed 1 task(s).
[28-Apr-2026 15:36:03 Europe/Berlin] PHP Warning:  Failed to set memory limit to 128 bytes (Current memory usage is 4194304 bytes) in C:\xampp\htdocs\Smart-Eval\app\Controllers\notification\NotificationController.php on line 181
[28-Apr-2026 15:36:03 Europe/Berlin] PHP Fatal error:  Uncaught PDOException: SQLSTATE[42S02]: Base table or view not found: 1932 Table 'dbsmarteval.teacher_notification_queue' doesn't exist in engine in C:\xampp\htdocs\Smart-Eval\app\Controllers\notification\NotificationController.php:183
Stack trace:
#0 C:\xampp\htdocs\Smart-Eval\app\Controllers\notification\NotificationController.php(183): PDO->query('\r\n            S...')
#1 C:\xampp\htdocs\Smart-Eval\bin\cron_worker.php(14): NotificationController->processQueue()
#2 {main}
  thrown in C:\xampp\htdocs\Smart-Eval\app\Controllers\notification\NotificationController.php on line 183
[28-Apr-2026 15:41:01 Europe/Berlin] PHP Warning:  Failed to set memory limit to 128 bytes (Current memory usage is 4194304 bytes) in C:\xampp\htdocs\Smart-Eval\app\Controllers\notification\NotificationController.php on line 181
[28-Apr-2026 15:41:01 Europe/Berlin] PHP Fatal error:  Uncaught PDOException: SQLSTATE[42S02]: Base table or view not found: 1932 Table 'dbsmarteval.teacher_notification_queue' doesn't exist in engine in C:\xampp\htdocs\Smart-Eval\app\Controllers\notification\NotificationController.php:183
Stack trace:
#0 C:\xampp\htdocs\Smart-Eval\app\Controllers\notification\NotificationController.php(183): PDO->query('\r\n            S...')
#1 C:\xampp\htdocs\Smart-Eval\bin\cron_worker.php(14): NotificationController->processQueue()
#2 {main}
  thrown in C:\xampp\htdocs\Smart-Eval\app\Controllers\notification\NotificationController.php on line 183
[28-Apr-2026 15:46:02 Europe/Berlin] PHP Warning:  Failed to set memory limit to 128 bytes (Current memory usage is 4194304 bytes) in C:\xampp\htdocs\Smart-Eval\app\Controllers\notification\NotificationController.php on line 181
[28-Apr-2026 15:46:02 Europe/Berlin] PHP Fatal error:  Uncaught PDOException: SQLSTATE[42S02]: Base table or view not found: 1932 Table 'dbsmarteval.teacher_notification_queue' doesn't exist in engine in C:\xampp\htdocs\Smart-Eval\app\Controllers\notification\NotificationController.php:183
Stack trace:
#0 C:\xampp\htdocs\Smart-Eval\app\Controllers\notification\NotificationController.php(183): PDO->query('\r\n            S...')
#1 C:\xampp\htdocs\Smart-Eval\bin\cron_worker.php(14): NotificationController->processQueue()
#2 {main}
  thrown in C:\xampp\htdocs\Smart-Eval\app\Controllers\notification\NotificationController.php on line 183
[28-Apr-2026 15:51:02 Europe/Berlin] PHP Warning:  Failed to set memory limit to 128 bytes (Current memory usage is 4194304 bytes) in C:\xampp\htdocs\Smart-Eval\app\Controllers\notification\NotificationController.php on line 181
[28-Apr-2026 15:51:02 Europe/Berlin] PHP Fatal error:  Uncaught PDOException: SQLSTATE[42S02]: Base table or view not found: 1932 Table 'dbsmarteval.teacher_notification_queue' doesn't exist in engine in C:\xampp\htdocs\Smart-Eval\app\Controllers\notification\NotificationController.php:183
Stack trace:
#0 C:\xampp\htdocs\Smart-Eval\app\Controllers\notification\NotificationController.php(183): PDO->query('\r\n            S...')
#1 C:\xampp\htdocs\Smart-Eval\bin\cron_worker.php(14): NotificationController->processQueue()
#2 {main}
  thrown in C:\xampp\htdocs\Smart-Eval\app\Controllers\notification\NotificationController.php on line 183
[28-Apr-2026 15:56:01 Europe/Berlin] PHP Warning:  Failed to set memory limit to 128 bytes (Current memory usage is 4194304 bytes) in C:\xampp\htdocs\Smart-Eval\app\Controllers\notification\NotificationController.php on line 181
[28-Apr-2026 15:56:01 Europe/Berlin] PHP Fatal error:  Uncaught PDOException: SQLSTATE[42S02]: Base table or view not found: 1932 Table 'dbsmarteval.teacher_notification_queue' doesn't exist in engine in C:\xampp\htdocs\Smart-Eval\app\Controllers\notification\NotificationController.php:183
Stack trace:
#0 C:\xampp\htdocs\Smart-Eval\app\Controllers\notification\NotificationController.php(183): PDO->query('\r\n            S...')
#1 C:\xampp\htdocs\Smart-Eval\bin\cron_worker.php(14): NotificationController->processQueue()
#2 {main}
  thrown in C:\xampp\htdocs\Smart-Eval\app\Controllers\notification\NotificationController.php on line 183
[28-Apr-2026 16:01:01 Europe/Berlin] PHP Warning:  Failed to set memory limit to 128 bytes (Current memory usage is 4194304 bytes) in C:\xampp\htdocs\Smart-Eval\app\Controllers\notification\NotificationController.php on line 181
[28-Apr-2026 16:01:01 Europe/Berlin] PHP Fatal error:  Uncaught PDOException: SQLSTATE[42S02]: Base table or view not found: 1932 Table 'dbsmarteval.teacher_notification_queue' doesn't exist in engine in C:\xampp\htdocs\Smart-Eval\app\Controllers\notification\NotificationController.php:183
Stack trace:
#0 C:\xampp\htdocs\Smart-Eval\app\Controllers\notification\NotificationController.php(183): PDO->query('\r\n            S...')
#1 C:\xampp\htdocs\Smart-Eval\bin\cron_worker.php(14): NotificationController->processQueue()
#2 {main}
  thrown in C:\xampp\htdocs\Smart-Eval\app\Controllers\notification\NotificationController.php on line 183
[28-Apr-2026 16:06:01 Europe/Berlin] PHP Warning:  Failed to set memory limit to 128 bytes (Current memory usage is 4194304 bytes) in C:\xampp\htdocs\Smart-Eval\app\Controllers\notification\NotificationController.php on line 181
[28-Apr-2026 16:06:01 Europe/Berlin] PHP Fatal error:  Uncaught PDOException: SQLSTATE[42S02]: Base table or view not found: 1932 Table 'dbsmarteval.teacher_notification_queue' doesn't exist in engine in C:\xampp\htdocs\Smart-Eval\app\Controllers\notification\NotificationController.php:183
Stack trace:
#0 C:\xampp\htdocs\Smart-Eval\app\Controllers\notification\NotificationController.php(183): PDO->query('\r\n            S...')
#1 C:\xampp\htdocs\Smart-Eval\bin\cron_worker.php(14): NotificationController->processQueue()
#2 {main}
  thrown in C:\xampp\htdocs\Smart-Eval\app\Controllers\notification\NotificationController.php on line 183
[28-Apr-2026 16:11:01 Europe/Berlin] PHP Warning:  Failed to set memory limit to 128 bytes (Current memory usage is 4194304 bytes) in C:\xampp\htdocs\Smart-Eval\app\Controllers\notification\NotificationController.php on line 181
[28-Apr-2026 16:11:01 Europe/Berlin] PHP Fatal error:  Uncaught PDOException: SQLSTATE[42S02]: Base table or view not found: 1932 Table 'dbsmarteval.teacher_notification_queue' doesn't exist in engine in C:\xampp\htdocs\Smart-Eval\app\Controllers\notification\NotificationController.php:183
Stack trace:
#0 C:\xampp\htdocs\Smart-Eval\app\Controllers\notification\NotificationController.php(183): PDO->query('\r\n            S...')
#1 C:\xampp\htdocs\Smart-Eval\bin\cron_worker.php(14): NotificationController->processQueue()
#2 {main}
  thrown in C:\xampp\htdocs\Smart-Eval\app\Controllers\notification\NotificationController.php on line 183
[28-Apr-2026 16:26:01 Europe/Berlin] PHP Warning:  Failed to set memory limit to 128 bytes (Current memory usage is 4194304 bytes) in C:\xampp\htdocs\Smart-Eval\app\Controllers\notification\NotificationController.php on line 181
[28-Apr-2026 16:31:01 Europe/Berlin] PHP Warning:  Failed to set memory limit to 128 bytes (Current memory usage is 4194304 bytes) in C:\xampp\htdocs\Smart-Eval\app\Controllers\notification\NotificationController.php on line 181
[28-Apr-2026 16:36:01 Europe/Berlin] PHP Warning:  Failed to set memory limit to 128 bytes (Current memory usage is 4194304 bytes) in C:\xampp\htdocs\Smart-Eval\app\Controllers\notification\NotificationController.php on line 181
[28-Apr-2026 16:41:01 Europe/Berlin] PHP Warning:  Failed to set memory limit to 128 bytes (Current memory usage is 4194304 bytes) in C:\xampp\htdocs\Smart-Eval\app\Controllers\notification\NotificationController.php on line 181
[28-Apr-2026 16:46:02 Europe/Berlin] PHP Warning:  Failed to set memory limit to 128 bytes (Current memory usage is 4194304 bytes) in C:\xampp\htdocs\Smart-Eval\app\Controllers\notification\NotificationController.php on line 181
[28-Apr-2026 16:51:01 Europe/Berlin] PHP Warning:  Failed to set memory limit to 128 bytes (Current memory usage is 4194304 bytes) in C:\xampp\htdocs\Smart-Eval\app\Controllers\notification\NotificationController.php on line 181
[28-Apr-2026 16:56:01 Europe/Berlin] PHP Warning:  Failed to set memory limit to 128 bytes (Current memory usage is 4194304 bytes) in C:\xampp\htdocs\Smart-Eval\app\Controllers\notification\NotificationController.php on line 181
[28-Apr-2026 17:01:01 Europe/Berlin] PHP Warning:  Failed to set memory limit to 128 bytes (Current memory usage is 4194304 bytes) in C:\xampp\htdocs\Smart-Eval\app\Controllers\notification\NotificationController.php on line 181
[28-Apr-2026 17:01:09 Europe/Berlin] [processQueue] Batch complete. Processed 1 task(s).
[28-Apr-2026 17:06:01 Europe/Berlin] PHP Warning:  Failed to set memory limit to 128 bytes (Current memory usage is 4194304 bytes) in C:\xampp\htdocs\Smart-Eval\app\Controllers\notification\NotificationController.php on line 181
[28-Apr-2026 17:11:01 Europe/Berlin] PHP Warning:  Failed to set memory limit to 128 bytes (Current memory usage is 4194304 bytes) in C:\xampp\htdocs\Smart-Eval\app\Controllers\notification\NotificationController.php on line 181
[28-Apr-2026 17:16:02 Europe/Berlin] PHP Warning:  Failed to set memory limit to 128 bytes (Current memory usage is 4194304 bytes) in C:\xampp\htdocs\Smart-Eval\app\Controllers\notification\NotificationController.php on line 181
[28-Apr-2026 17:21:01 Europe/Berlin] PHP Warning:  Failed to set memory limit to 128 bytes (Current memory usage is 4194304 bytes) in C:\xampp\htdocs\Smart-Eval\app\Controllers\notification\NotificationController.php on line 181
[28-Apr-2026 17:26:01 Europe/Berlin] PHP Warning:  Failed to set memory limit to 128 bytes (Current memory usage is 4194304 bytes) in C:\xampp\htdocs\Smart-Eval\app\Controllers\notification\NotificationController.php on line 181
[28-Apr-2026 17:31:01 Europe/Berlin] PHP Warning:  Failed to set memory limit to 128 bytes (Current memory usage is 4194304 bytes) in C:\xampp\htdocs\Smart-Eval\app\Controllers\notification\NotificationController.php on line 181
[28-Apr-2026 17:36:01 Europe/Berlin] PHP Warning:  Failed to set memory limit to 128 bytes (Current memory usage is 4194304 bytes) in C:\xampp\htdocs\Smart-Eval\app\Controllers\notification\NotificationController.php on line 181
[28-Apr-2026 17:41:01 Europe/Berlin] PHP Warning:  Failed to set memory limit to 128 bytes (Current memory usage is 4194304 bytes) in C:\xampp\htdocs\Smart-Eval\app\Controllers\notification\NotificationController.php on line 181
[28-Apr-2026 17:46:01 Europe/Berlin] PHP Warning:  Failed to set memory limit to 128 bytes (Current memory usage is 4194304 bytes) in C:\xampp\htdocs\Smart-Eval\app\Controllers\notification\NotificationController.php on line 181
[28-Apr-2026 17:51:01 Europe/Berlin] PHP Warning:  Failed to set memory limit to 128 bytes (Current memory usage is 4194304 bytes) in C:\xampp\htdocs\Smart-Eval\app\Controllers\notification\NotificationController.php on line 181
[28-Apr-2026 17:56:01 Europe/Berlin] PHP Warning:  Failed to set memory limit to 128 bytes (Current memory usage is 4194304 bytes) in C:\xampp\htdocs\Smart-Eval\app\Controllers\notification\NotificationController.php on line 181
[28-Apr-2026 18:01:01 Europe/Berlin] PHP Warning:  Failed to set memory limit to 128 bytes (Current memory usage is 4194304 bytes) in C:\xampp\htdocs\Smart-Eval\app\Controllers\notification\NotificationController.php on line 181
[28-Apr-2026 18:06:01 Europe/Berlin] PHP Warning:  Failed to set memory limit to 128 bytes (Current memory usage is 4194304 bytes) in C:\xampp\htdocs\Smart-Eval\app\Controllers\notification\NotificationController.php on line 181
[28-Apr-2026 18:11:01 Europe/Berlin] PHP Warning:  Failed to set memory limit to 128 bytes (Current memory usage is 4194304 bytes) in C:\xampp\htdocs\Smart-Eval\app\Controllers\notification\NotificationController.php on line 181
[28-Apr-2026 18:16:01 Europe/Berlin] PHP Warning:  Failed to set memory limit to 128 bytes (Current memory usage is 4194304 bytes) in C:\xampp\htdocs\Smart-Eval\app\Controllers\notification\NotificationController.php on line 181
[28-Apr-2026 18:21:01 Europe/Berlin] PHP Warning:  Failed to set memory limit to 128 bytes (Current memory usage is 4194304 bytes) in C:\xampp\htdocs\Smart-Eval\app\Controllers\notification\NotificationController.php on line 181
[28-Apr-2026 18:26:01 Europe/Berlin] PHP Warning:  Failed to set memory limit to 128 bytes (Current memory usage is 4194304 bytes) in C:\xampp\htdocs\Smart-Eval\app\Controllers\notification\NotificationController.php on line 181
[28-Apr-2026 18:31:01 Europe/Berlin] PHP Warning:  Failed to set memory limit to 128 bytes (Current memory usage is 4194304 bytes) in C:\xampp\htdocs\Smart-Eval\app\Controllers\notification\NotificationController.php on line 181
[28-Apr-2026 18:36:01 Europe/Berlin] PHP Warning:  Failed to set memory limit to 128 bytes (Current memory usage is 4194304 bytes) in C:\xampp\htdocs\Smart-Eval\app\Controllers\notification\NotificationController.php on line 181
[28-Apr-2026 18:41:01 Europe/Berlin] PHP Warning:  Failed to set memory limit to 128 bytes (Current memory usage is 4194304 bytes) in C:\xampp\htdocs\Smart-Eval\app\Controllers\notification\NotificationController.php on line 181
[28-Apr-2026 18:46:01 Europe/Berlin] PHP Warning:  Failed to set memory limit to 128 bytes (Current memory usage is 4194304 bytes) in C:\xampp\htdocs\Smart-Eval\app\Controllers\notification\NotificationController.php on line 181
[28-Apr-2026 18:51:01 Europe/Berlin] PHP Warning:  Failed to set memory limit to 128 bytes (Current memory usage is 4194304 bytes) in C:\xampp\htdocs\Smart-Eval\app\Controllers\notification\NotificationController.php on line 181
[28-Apr-2026 18:56:02 Europe/Berlin] PHP Warning:  Failed to set memory limit to 128 bytes (Current memory usage is 4194304 bytes) in C:\xampp\htdocs\Smart-Eval\app\Controllers\notification\NotificationController.php on line 181
[28-Apr-2026 19:01:01 Europe/Berlin] PHP Warning:  Failed to set memory limit to 128 bytes (Current memory usage is 4194304 bytes) in C:\xampp\htdocs\Smart-Eval\app\Controllers\notification\NotificationController.php on line 181
[28-Apr-2026 19:06:01 Europe/Berlin] PHP Warning:  Failed to set memory limit to 128 bytes (Current memory usage is 4194304 bytes) in C:\xampp\htdocs\Smart-Eval\app\Controllers\notification\NotificationController.php on line 181
[28-Apr-2026 19:11:01 Europe/Berlin] PHP Warning:  Failed to set memory limit to 128 bytes (Current memory usage is 4194304 bytes) in C:\xampp\htdocs\Smart-Eval\app\Controllers\notification\NotificationController.php on line 181
[28-Apr-2026 19:16:01 Europe/Berlin] PHP Warning:  Failed to set memory limit to 128 bytes (Current memory usage is 4194304 bytes) in C:\xampp\htdocs\Smart-Eval\app\Controllers\notification\NotificationController.php on line 181
[28-Apr-2026 19:21:01 Europe/Berlin] PHP Warning:  Failed to set memory limit to 128 bytes (Current memory usage is 4194304 bytes) in C:\xampp\htdocs\Smart-Eval\app\Controllers\notification\NotificationController.php on line 181
[28-Apr-2026 19:26:01 Europe/Berlin] PHP Warning:  Failed to set memory limit to 128 bytes (Current memory usage is 4194304 bytes) in C:\xampp\htdocs\Smart-Eval\app\Controllers\notification\NotificationController.php on line 181
[28-Apr-2026 19:31:01 Europe/Berlin] PHP Warning:  Failed to set memory limit to 128 bytes (Current memory usage is 4194304 bytes) in C:\xampp\htdocs\Smart-Eval\app\Controllers\notification\NotificationController.php on line 181
[28-Apr-2026 19:36:01 Europe/Berlin] PHP Warning:  Failed to set memory limit to 128 bytes (Current memory usage is 4194304 bytes) in C:\xampp\htdocs\Smart-Eval\app\Controllers\notification\NotificationController.php on line 181
[28-Apr-2026 19:41:01 Europe/Berlin] PHP Warning:  Failed to set memory limit to 128 bytes (Current memory usage is 4194304 bytes) in C:\xampp\htdocs\Smart-Eval\app\Controllers\notification\NotificationController.php on line 181
[28-Apr-2026 19:46:01 Europe/Berlin] PHP Warning:  Failed to set memory limit to 128 bytes (Current memory usage is 4194304 bytes) in C:\xampp\htdocs\Smart-Eval\app\Controllers\notification\NotificationController.php on line 181
[28-Apr-2026 19:51:01 Europe/Berlin] PHP Warning:  Failed to set memory limit to 128 bytes (Current memory usage is 4194304 bytes) in C:\xampp\htdocs\Smart-Eval\app\Controllers\notification\NotificationController.php on line 181
[28-Apr-2026 19:56:01 Europe/Berlin] PHP Warning:  Failed to set memory limit to 128 bytes (Current memory usage is 4194304 bytes) in C:\xampp\htdocs\Smart-Eval\app\Controllers\notification\NotificationController.php on line 181
[28-Apr-2026 20:01:01 Europe/Berlin] PHP Warning:  Failed to set memory limit to 128 bytes (Current memory usage is 4194304 bytes) in C:\xampp\htdocs\Smart-Eval\app\Controllers\notification\NotificationController.php on line 181
[28-Apr-2026 20:06:01 Europe/Berlin] PHP Warning:  Failed to set memory limit to 128 bytes (Current memory usage is 4194304 bytes) in C:\xampp\htdocs\Smart-Eval\app\Controllers\notification\NotificationController.php on line 181
[28-Apr-2026 20:11:01 Europe/Berlin] PHP Warning:  Failed to set memory limit to 128 bytes (Current memory usage is 4194304 bytes) in C:\xampp\htdocs\Smart-Eval\app\Controllers\notification\NotificationController.php on line 181
[28-Apr-2026 20:16:01 Europe/Berlin] PHP Warning:  Failed to set memory limit to 128 bytes (Current memory usage is 4194304 bytes) in C:\xampp\htdocs\Smart-Eval\app\Controllers\notification\NotificationController.php on line 181
[28-Apr-2026 20:21:01 Europe/Berlin] PHP Warning:  Failed to set memory limit to 128 bytes (Current memory usage is 4194304 bytes) in C:\xampp\htdocs\Smart-Eval\app\Controllers\notification\NotificationController.php on line 181
[28-Apr-2026 20:26:01 Europe/Berlin] PHP Warning:  Failed to set memory limit to 128 bytes (Current memory usage is 4194304 bytes) in C:\xampp\htdocs\Smart-Eval\app\Controllers\notification\NotificationController.php on line 181
[28-Apr-2026 20:31:01 Europe/Berlin] PHP Warning:  Failed to set memory limit to 128 bytes (Current memory usage is 4194304 bytes) in C:\xampp\htdocs\Smart-Eval\app\Controllers\notification\NotificationController.php on line 181
[03-May-2026 07:51:01 Europe/Berlin] PHP Warning:  Failed to set memory limit to 128 bytes (Current memory usage is 4194304 bytes) in C:\xampp\htdocs\Smart-Eval\app\Controllers\notification\NotificationController.php on line 181
[03-May-2026 07:56:01 Europe/Berlin] PHP Warning:  Failed to set memory limit to 128 bytes (Current memory usage is 4194304 bytes) in C:\xampp\htdocs\Smart-Eval\app\Controllers\notification\NotificationController.php on line 181
[03-May-2026 08:01:01 Europe/Berlin] PHP Warning:  Failed to set memory limit to 128 bytes (Current memory usage is 4194304 bytes) in C:\xampp\htdocs\Smart-Eval\app\Controllers\notification\NotificationController.php on line 181
[03-May-2026 08:06:02 Europe/Berlin] PHP Warning:  Failed to set memory limit to 128 bytes (Current memory usage is 4194304 bytes) in C:\xampp\htdocs\Smart-Eval\app\Controllers\notification\NotificationController.php on line 181
[03-May-2026 08:11:01 Europe/Berlin] PHP Warning:  Failed to set memory limit to 128 bytes (Current memory usage is 4194304 bytes) in C:\xampp\htdocs\Smart-Eval\app\Controllers\notification\NotificationController.php on line 181
[03-May-2026 08:16:01 Europe/Berlin] PHP Warning:  Failed to set memory limit to 128 bytes (Current memory usage is 4194304 bytes) in C:\xampp\htdocs\Smart-Eval\app\Controllers\notification\NotificationController.php on line 181
[03-May-2026 08:21:01 Europe/Berlin] PHP Warning:  Failed to set memory limit to 128 bytes (Current memory usage is 4194304 bytes) in C:\xampp\htdocs\Smart-Eval\app\Controllers\notification\NotificationController.php on line 181
[03-May-2026 08:26:01 Europe/Berlin] PHP Warning:  Failed to set memory limit to 128 bytes (Current memory usage is 4194304 bytes) in C:\xampp\htdocs\Smart-Eval\app\Controllers\notification\NotificationController.php on line 181
[03-May-2026 08:31:01 Europe/Berlin] PHP Warning:  Failed to set memory limit to 128 bytes (Current memory usage is 4194304 bytes) in C:\xampp\htdocs\Smart-Eval\app\Controllers\notification\NotificationController.php on line 181
[03-May-2026 08:36:01 Europe/Berlin] PHP Warning:  Failed to set memory limit to 128 bytes (Current memory usage is 4194304 bytes) in C:\xampp\htdocs\Smart-Eval\app\Controllers\notification\NotificationController.php on line 181
[03-May-2026 08:41:01 Europe/Berlin] PHP Warning:  Failed to set memory limit to 128 bytes (Current memory usage is 4194304 bytes) in C:\xampp\htdocs\Smart-Eval\app\Controllers\notification\NotificationController.php on line 181
[03-May-2026 08:46:01 Europe/Berlin] PHP Warning:  Failed to set memory limit to 128 bytes (Current memory usage is 4194304 bytes) in C:\xampp\htdocs\Smart-Eval\app\Controllers\notification\NotificationController.php on line 181
[03-May-2026 08:51:01 Europe/Berlin] PHP Warning:  Failed to set memory limit to 128 bytes (Current memory usage is 4194304 bytes) in C:\xampp\htdocs\Smart-Eval\app\Controllers\notification\NotificationController.php on line 181
[03-May-2026 08:56:01 Europe/Berlin] PHP Warning:  Failed to set memory limit to 128 bytes (Current memory usage is 4194304 bytes) in C:\xampp\htdocs\Smart-Eval\app\Controllers\notification\NotificationController.php on line 181
[03-May-2026 09:01:01 Europe/Berlin] PHP Warning:  Failed to set memory limit to 128 bytes (Current memory usage is 4194304 bytes) in C:\xampp\htdocs\Smart-Eval\app\Controllers\notification\NotificationController.php on line 206
[03-May-2026 15:06:01 Asia/Manila] PHP Warning:  Failed to set memory limit to 128 bytes (Current memory usage is 4194304 bytes) in C:\xampp\htdocs\Smart-Eval\app\Controllers\notification\NotificationController.php on line 208
[03-May-2026 15:11:08 Asia/Manila] PHP Warning:  Failed to set memory limit to 128 bytes (Current memory usage is 4194304 bytes) in C:\xampp\htdocs\Smart-Eval\app\Controllers\notification\NotificationController.php on line 208
[03-May-2026 15:16:01 Asia/Manila] PHP Warning:  Failed to set memory limit to 128 bytes (Current memory usage is 4194304 bytes) in C:\xampp\htdocs\Smart-Eval\app\Controllers\notification\NotificationController.php on line 208
[03-May-2026 15:21:01 Asia/Manila] PHP Warning:  Failed to set memory limit to 128 bytes (Current memory usage is 4194304 bytes) in C:\xampp\htdocs\Smart-Eval\app\Controllers\notification\NotificationController.php on line 208
[03-May-2026 15:26:02 Asia/Manila] PHP Warning:  Failed to set memory limit to 128 bytes (Current memory usage is 4194304 bytes) in C:\xampp\htdocs\Smart-Eval\app\Controllers\notification\NotificationController.php on line 208
[03-May-2026 15:31:02 Asia/Manila] PHP Warning:  Failed to set memory limit to 128 bytes (Current memory usage is 4194304 bytes) in C:\xampp\htdocs\Smart-Eval\app\Controllers\notification\NotificationController.php on line 208
[03-May-2026 15:36:01 Asia/Manila] PHP Warning:  Failed to set memory limit to 128 bytes (Current memory usage is 4194304 bytes) in C:\xampp\htdocs\Smart-Eval\app\Controllers\notification\NotificationController.php on line 208
[03-May-2026 15:41:01 Asia/Manila] PHP Warning:  Failed to set memory limit to 128 bytes (Current memory usage is 4194304 bytes) in C:\xampp\htdocs\Smart-Eval\app\Controllers\notification\NotificationController.php on line 208
[03-May-2026 15:46:01 Asia/Manila] PHP Warning:  Failed to set memory limit to 128 bytes (Current memory usage is 4194304 bytes) in C:\xampp\htdocs\Smart-Eval\app\Controllers\notification\NotificationController.php on line 208
[03-May-2026 15:46:08 Asia/Manila] [processQueue] Batch complete. Processed 1 task(s).
[03-May-2026 15:51:01 Asia/Manila] PHP Warning:  Failed to set memory limit to 128 bytes (Current memory usage is 4194304 bytes) in C:\xampp\htdocs\Smart-Eval\app\Controllers\notification\NotificationController.php on line 208
[03-May-2026 15:56:01 Asia/Manila] PHP Warning:  Failed to set memory limit to 128 bytes (Current memory usage is 4194304 bytes) in C:\xampp\htdocs\Smart-Eval\app\Controllers\notification\NotificationController.php on line 208
[03-May-2026 16:01:01 Asia/Manila] PHP Warning:  Failed to set memory limit to 128 bytes (Current memory usage is 4194304 bytes) in C:\xampp\htdocs\Smart-Eval\app\Controllers\notification\NotificationController.php on line 208
[03-May-2026 16:06:01 Asia/Manila] PHP Warning:  Failed to set memory limit to 128 bytes (Current memory usage is 4194304 bytes) in C:\xampp\htdocs\Smart-Eval\app\Controllers\notification\NotificationController.php on line 208
[03-May-2026 16:11:01 Asia/Manila] PHP Warning:  Failed to set memory limit to 128 bytes (Current memory usage is 4194304 bytes) in C:\xampp\htdocs\Smart-Eval\app\Controllers\notification\NotificationController.php on line 208
[03-May-2026 16:16:01 Asia/Manila] PHP Warning:  Failed to set memory limit to 128 bytes (Current memory usage is 4194304 bytes) in C:\xampp\htdocs\Smart-Eval\app\Controllers\notification\NotificationController.php on line 208
[03-May-2026 16:21:01 Asia/Manila] PHP Warning:  Failed to set memory limit to 128 bytes (Current memory usage is 4194304 bytes) in C:\xampp\htdocs\Smart-Eval\app\Controllers\notification\NotificationController.php on line 208
[03-May-2026 16:26:01 Asia/Manila] PHP Warning:  Failed to set memory limit to 128 bytes (Current memory usage is 4194304 bytes) in C:\xampp\htdocs\Smart-Eval\app\Controllers\notification\NotificationController.php on line 208
[03-May-2026 16:31:01 Asia/Manila] PHP Warning:  Failed to set memory limit to 128 bytes (Current memory usage is 4194304 bytes) in C:\xampp\htdocs\Smart-Eval\app\Controllers\notification\NotificationController.php on line 208
[03-May-2026 16:36:01 Asia/Manila] PHP Warning:  Failed to set memory limit to 128 bytes (Current memory usage is 4194304 bytes) in C:\xampp\htdocs\Smart-Eval\app\Controllers\notification\NotificationController.php on line 208
[03-May-2026 16:41:01 Asia/Manila] PHP Warning:  Failed to set memory limit to 128 bytes (Current memory usage is 4194304 bytes) in C:\xampp\htdocs\Smart-Eval\app\Controllers\notification\NotificationController.php on line 208
[03-May-2026 16:46:01 Asia/Manila] PHP Warning:  Failed to set memory limit to 128 bytes (Current memory usage is 4194304 bytes) in C:\xampp\htdocs\Smart-Eval\app\Controllers\notification\NotificationController.php on line 208
[03-May-2026 16:51:01 Asia/Manila] PHP Warning:  Failed to set memory limit to 128 bytes (Current memory usage is 4194304 bytes) in C:\xampp\htdocs\Smart-Eval\app\Controllers\notification\NotificationController.php on line 208
[03-May-2026 16:56:01 Asia/Manila] PHP Warning:  Failed to set memory limit to 128 bytes (Current memory usage is 4194304 bytes) in C:\xampp\htdocs\Smart-Eval\app\Controllers\notification\NotificationController.php on line 208
[03-May-2026 17:01:01 Asia/Manila] PHP Warning:  Failed to set memory limit to 128 bytes (Current memory usage is 4194304 bytes) in C:\xampp\htdocs\Smart-Eval\app\Controllers\notification\NotificationController.php on line 208
[04-May-2026 00:03:50 Asia/Manila] PHP Warning:  Failed to set memory limit to 128 bytes (Current memory usage is 4194304 bytes) in C:\xampp\htdocs\Smart-Eval\app\Controllers\notification\NotificationController.php on line 208
[04-May-2026 00:05:01 Asia/Manila] PHP Warning:  Failed to set memory limit to 128 bytes (Current memory usage is 4194304 bytes) in C:\xampp\htdocs\Smart-Eval\app\Controllers\notification\NotificationController.php on line 208
[04-May-2026 00:10:02 Asia/Manila] PHP Warning:  Failed to set memory limit to 128 bytes (Current memory usage is 4194304 bytes) in C:\xampp\htdocs\Smart-Eval\app\Controllers\notification\NotificationController.php on line 208
[04-May-2026 00:15:02 Asia/Manila] PHP Warning:  Failed to set memory limit to 128 bytes (Current memory usage is 4194304 bytes) in C:\xampp\htdocs\Smart-Eval\app\Controllers\notification\NotificationController.php on line 208
[04-May-2026 00:20:01 Asia/Manila] PHP Warning:  Failed to set memory limit to 128 bytes (Current memory usage is 4194304 bytes) in C:\xampp\htdocs\Smart-Eval\app\Controllers\notification\NotificationController.php on line 208
[04-May-2026 00:20:11 Asia/Manila] [processQueue] Batch complete. Processed 1 task(s).
[04-May-2026 00:25:01 Asia/Manila] PHP Warning:  Failed to set memory limit to 128 bytes (Current memory usage is 4194304 bytes) in C:\xampp\htdocs\Smart-Eval\app\Controllers\notification\NotificationController.php on line 208
[04-May-2026 00:30:02 Asia/Manila] PHP Warning:  Failed to set memory limit to 128 bytes (Current memory usage is 4194304 bytes) in C:\xampp\htdocs\Smart-Eval\app\Controllers\notification\NotificationController.php on line 208
[04-May-2026 00:35:02 Asia/Manila] PHP Warning:  Failed to set memory limit to 128 bytes (Current memory usage is 4194304 bytes) in C:\xampp\htdocs\Smart-Eval\app\Controllers\notification\NotificationController.php on line 208
[04-May-2026 00:40:02 Asia/Manila] PHP Warning:  Failed to set memory limit to 128 bytes (Current memory usage is 4194304 bytes) in C:\xampp\htdocs\Smart-Eval\app\Controllers\notification\NotificationController.php on line 208
[04-May-2026 00:45:02 Asia/Manila] PHP Warning:  Failed to set memory limit to 128 bytes (Current memory usage is 4194304 bytes) in C:\xampp\htdocs\Smart-Eval\app\Controllers\notification\NotificationController.php on line 208
[04-May-2026 00:50:01 Asia/Manila] PHP Warning:  Failed to set memory limit to 128 bytes (Current memory usage is 4194304 bytes) in C:\xampp\htdocs\Smart-Eval\app\Controllers\notification\NotificationController.php on line 208
[04-May-2026 00:55:01 Asia/Manila] PHP Warning:  Failed to set memory limit to 128 bytes (Current memory usage is 4194304 bytes) in C:\xampp\htdocs\Smart-Eval\app\Controllers\notification\NotificationController.php on line 208
[04-May-2026 01:00:02 Asia/Manila] PHP Warning:  Failed to set memory limit to 128 bytes (Current memory usage is 4194304 bytes) in C:\xampp\htdocs\Smart-Eval\app\Controllers\notification\NotificationController.php on line 208
[04-May-2026 01:05:01 Asia/Manila] PHP Warning:  Failed to set memory limit to 128 bytes (Current memory usage is 4194304 bytes) in C:\xampp\htdocs\Smart-Eval\app\Controllers\notification\NotificationController.php on line 208
[04-May-2026 01:10:01 Asia/Manila] PHP Warning:  Failed to set memory limit to 128 bytes (Current memory usage is 4194304 bytes) in C:\xampp\htdocs\Smart-Eval\app\Controllers\notification\NotificationController.php on line 208
[04-May-2026 01:15:02 Asia/Manila] PHP Warning:  Failed to set memory limit to 128 bytes (Current memory usage is 4194304 bytes) in C:\xampp\htdocs\Smart-Eval\app\Controllers\notification\NotificationController.php on line 208
[04-May-2026 01:20:01 Asia/Manila] PHP Warning:  Failed to set memory limit to 128 bytes (Current memory usage is 4194304 bytes) in C:\xampp\htdocs\Smart-Eval\app\Controllers\notification\NotificationController.php on line 208
[04-May-2026 01:25:01 Asia/Manila] PHP Warning:  Failed to set memory limit to 128 bytes (Current memory usage is 4194304 bytes) in C:\xampp\htdocs\Smart-Eval\app\Controllers\notification\NotificationController.php on line 208
[04-May-2026 01:30:01 Asia/Manila] PHP Warning:  Failed to set memory limit to 128 bytes (Current memory usage is 4194304 bytes) in C:\xampp\htdocs\Smart-Eval\app\Controllers\notification\NotificationController.php on line 208
[04-May-2026 01:35:01 Asia/Manila] PHP Warning:  Failed to set memory limit to 128 bytes (Current memory usage is 4194304 bytes) in C:\xampp\htdocs\Smart-Eval\app\Controllers\notification\NotificationController.php on line 208
[04-May-2026 01:40:02 Asia/Manila] PHP Warning:  Failed to set memory limit to 128 bytes (Current memory usage is 4194304 bytes) in C:\xampp\htdocs\Smart-Eval\app\Controllers\notification\NotificationController.php on line 208
[04-May-2026 01:45:01 Asia/Manila] PHP Warning:  Failed to set memory limit to 128 bytes (Current memory usage is 4194304 bytes) in C:\xampp\htdocs\Smart-Eval\app\Controllers\notification\NotificationController.php on line 208
[04-May-2026 01:50:01 Asia/Manila] PHP Warning:  Failed to set memory limit to 128 bytes (Current memory usage is 4194304 bytes) in C:\xampp\htdocs\Smart-Eval\app\Controllers\notification\NotificationController.php on line 208
[04-May-2026 01:55:02 Asia/Manila] PHP Warning:  Failed to set memory limit to 128 bytes (Current memory usage is 4194304 bytes) in C:\xampp\htdocs\Smart-Eval\app\Controllers\notification\NotificationController.php on line 208
[04-May-2026 02:00:01 Asia/Manila] PHP Warning:  Failed to set memory limit to 128 bytes (Current memory usage is 4194304 bytes) in C:\xampp\htdocs\Smart-Eval\app\Controllers\notification\NotificationController.php on line 208
[04-May-2026 02:05:01 Asia/Manila] PHP Warning:  Failed to set memory limit to 128 bytes (Current memory usage is 4194304 bytes) in C:\xampp\htdocs\Smart-Eval\app\Controllers\notification\NotificationController.php on line 208
[04-May-2026 02:10:02 Asia/Manila] PHP Warning:  Failed to set memory limit to 128 bytes (Current memory usage is 4194304 bytes) in C:\xampp\htdocs\Smart-Eval\app\Controllers\notification\NotificationController.php on line 208
[04-May-2026 02:15:02 Asia/Manila] PHP Warning:  Failed to set memory limit to 128 bytes (Current memory usage is 4194304 bytes) in C:\xampp\htdocs\Smart-Eval\app\Controllers\notification\NotificationController.php on line 208
